// Jest Snapshot v1, https://goo.gl/fbAQLP

exports[`[reporting-config-parsers] Normalizing the Reporting Config Creates the expected normalized reporting config 1`] = `
Object {
  "featureGroups": Object {
    "FakeProduct__FakeFeatureGroup": Object {
      "description": "Description for fake feature group",
      "featureIds": Array [
        "FakeProduct__FakeFeatureGroup__GroupNestedFeature",
      ],
      "id": "FakeProduct__FakeFeatureGroup",
      "learnMoreLinks": Array [
        Object {
          "subdomain": "feature-group",
          "type": "p2",
        },
      ],
      "name": "FakeFeatureGroup",
      "productId": "FakeProduct",
      "taskMapping": Object {
        "blocker": Array [
          "FakeProduct__FakeFeatureGroup__blocker__0",
        ],
        "bug": Array [
          "FakeProduct__FakeFeatureGroup__bug__0",
        ],
        "featureRequest": Array [
          "FakeProduct__FakeFeatureGroup__featureRequest__0",
        ],
      },
    },
  },
  "features": Object {
    "FakeProduct__FakeFeatureGroup__GroupNestedFeature": Object {
      "description": "Fake feature nested under feature group",
      "id": "FakeProduct__FakeFeatureGroup__GroupNestedFeature",
      "keywords": Array [
        "foo",
      ],
      "learnMoreLinks": Array [
        Object {
          "channel": "feature-group-feature",
          "type": "slack",
        },
      ],
      "name": "GroupNestedFeature",
      "parentId": "FakeProduct__FakeFeatureGroup",
      "parentType": "featureGroup",
      "taskMapping": Object {
        "blocker": Array [
          "FakeProduct__FakeFeatureGroup__GroupNestedFeature__blocker__0",
          "FakeProduct__FakeFeatureGroup__GroupNestedFeature__blocker__1",
        ],
        "bug": Array [
          "FakeProduct__FakeFeatureGroup__GroupNestedFeature__bug__0",
          "FakeProduct__FakeFeatureGroup__GroupNestedFeature__bug__1",
        ],
        "featureRequest": Array [
          "FakeProduct__FakeFeatureGroup__GroupNestedFeature__featureRequest__0",
          "FakeProduct__FakeFeatureGroup__GroupNestedFeature__featureRequest__1",
        ],
      },
    },
    "FakeProduct__ProductNestedFeature": Object {
      "description": "Fake feature nested under product",
      "id": "FakeProduct__ProductNestedFeature",
      "keywords": Array [
        "bar",
      ],
      "learnMoreLinks": Array [
        Object {
          "channel": "product-feature",
          "type": "slack",
        },
      ],
      "name": "ProductNestedFeature",
      "parentId": "FakeProduct",
      "parentType": "product",
      "taskMapping": Object {
        "blocker": Array [
          "FakeProduct__ProductNestedFeature__blocker__0",
        ],
        "bug": Array [
          "FakeProduct__ProductNestedFeature__bug__0",
        ],
        "featureRequest": Array [
          "FakeProduct__ProductNestedFeature__featureRequest__0",
        ],
      },
    },
  },
  "products": Object {
    "FakeProduct": Object {
      "description": "Description for fake product",
      "featureGroupIds": Array [
        "FakeProduct__FakeFeatureGroup",
      ],
      "featureIds": Array [
        "FakeProduct__ProductNestedFeature",
      ],
      "id": "FakeProduct",
      "learnMoreLinks": Array [
        Object {
          "channel": "product-channel",
          "type": "slack",
        },
      ],
      "name": "FakeProduct",
      "taskMapping": Object {
        "blocker": Array [
          "FakeProduct__blocker__0",
        ],
        "bug": Array [
          "FakeProduct__bug__0",
        ],
        "featureRequest": Array [
          "FakeProduct__featureRequest__0",
        ],
      },
    },
  },
  "tasks": Object {
    "FakeProduct__FakeFeatureGroup__GroupNestedFeature__blocker__0": Object {
      "id": "FakeProduct__FakeFeatureGroup__GroupNestedFeature__blocker__0",
      "parentId": "FakeProduct__FakeFeatureGroup__GroupNestedFeature",
      "parentType": "feature",
      "title": "Feature nested under group | blocker | index 0",
    },
    "FakeProduct__FakeFeatureGroup__GroupNestedFeature__blocker__1": Object {
      "id": "FakeProduct__FakeFeatureGroup__GroupNestedFeature__blocker__1",
      "parentId": "FakeProduct__FakeFeatureGroup__GroupNestedFeature",
      "parentType": "feature",
      "title": "Feature nested under group | blocker | index 1",
    },
    "FakeProduct__FakeFeatureGroup__GroupNestedFeature__bug__0": Object {
      "id": "FakeProduct__FakeFeatureGroup__GroupNestedFeature__bug__0",
      "parentId": "FakeProduct__FakeFeatureGroup__GroupNestedFeature",
      "parentType": "feature",
      "title": "Feature nested under group | bug | index 0",
    },
    "FakeProduct__FakeFeatureGroup__GroupNestedFeature__bug__1": Object {
      "id": "FakeProduct__FakeFeatureGroup__GroupNestedFeature__bug__1",
      "parentId": "FakeProduct__FakeFeatureGroup__GroupNestedFeature",
      "parentType": "feature",
      "title": "Feature nested under group | bug | index 1",
    },
    "FakeProduct__FakeFeatureGroup__GroupNestedFeature__featureRequest__0": Object {
      "id": "FakeProduct__FakeFeatureGroup__GroupNestedFeature__featureRequest__0",
      "parentId": "FakeProduct__FakeFeatureGroup__GroupNestedFeature",
      "parentType": "feature",
      "title": "Feature nested under group | feature request | index 0",
    },
    "FakeProduct__FakeFeatureGroup__GroupNestedFeature__featureRequest__1": Object {
      "id": "FakeProduct__FakeFeatureGroup__GroupNestedFeature__featureRequest__1",
      "parentId": "FakeProduct__FakeFeatureGroup__GroupNestedFeature",
      "parentType": "feature",
      "title": "Feature nested under group | feature request | index 1",
    },
    "FakeProduct__FakeFeatureGroup__blocker__0": Object {
      "id": "FakeProduct__FakeFeatureGroup__blocker__0",
      "parentId": "FakeProduct__FakeFeatureGroup",
      "parentType": "featureGroup",
      "title": "Feature group | blocker",
    },
    "FakeProduct__FakeFeatureGroup__bug__0": Object {
      "id": "FakeProduct__FakeFeatureGroup__bug__0",
      "parentId": "FakeProduct__FakeFeatureGroup",
      "parentType": "featureGroup",
      "title": "Feature group | bug",
    },
    "FakeProduct__FakeFeatureGroup__featureRequest__0": Object {
      "id": "FakeProduct__FakeFeatureGroup__featureRequest__0",
      "parentId": "FakeProduct__FakeFeatureGroup",
      "parentType": "featureGroup",
      "title": "Feature group | feature request",
    },
    "FakeProduct__ProductNestedFeature__blocker__0": Object {
      "id": "FakeProduct__ProductNestedFeature__blocker__0",
      "parentId": "FakeProduct__ProductNestedFeature",
      "parentType": "feature",
      "title": "Feature nested under product blocker task",
    },
    "FakeProduct__ProductNestedFeature__bug__0": Object {
      "id": "FakeProduct__ProductNestedFeature__bug__0",
      "parentId": "FakeProduct__ProductNestedFeature",
      "parentType": "feature",
      "title": "Feature nested under product bug task",
    },
    "FakeProduct__ProductNestedFeature__featureRequest__0": Object {
      "id": "FakeProduct__ProductNestedFeature__featureRequest__0",
      "parentId": "FakeProduct__ProductNestedFeature",
      "parentType": "feature",
      "title": "Feature nested under product feature-request task",
    },
    "FakeProduct__blocker__0": Object {
      "id": "FakeProduct__blocker__0",
      "parentId": "FakeProduct",
      "parentType": "product",
      "title": "Product | blocker",
    },
    "FakeProduct__bug__0": Object {
      "id": "FakeProduct__bug__0",
      "parentId": "FakeProduct",
      "parentType": "product",
      "title": "Product | bug",
    },
    "FakeProduct__featureRequest__0": Object {
      "id": "FakeProduct__featureRequest__0",
      "parentId": "FakeProduct",
      "parentType": "product",
      "title": "Product | feature-request",
    },
  },
}
`;
