// Jest Snapshot v1, https://goo.gl/fbAQLP

exports[`[reportingConfigSlice] Normalize Reporting Config Reducer Creates the expected normalized reporting config 1`] = `
Object {
  "featureGroups": Object {
    "FakeProduct__FakeFeatureGroup": Object {
      "description": "Description for fake feature group",
      "id": "FakeProduct__FakeFeatureGroup",
      "learnMoreLinks": Array [
        Object {
          "subdomain": "feature-group",
          "type": "p2",
        },
      ],
      "name": "FakeFeatureGroup",
      "product": "FakeProduct",
      "taskMapping": Object {
        "bug": Array [
          Object {
            "instructions": "Feature group bug task",
          },
        ],
        "featureRequest": Array [
          Object {
            "instructions": "Feature group request task",
          },
        ],
        "showStopper": Array [
          Object {
            "instructions": "Feature group show stopper task",
          },
        ],
      },
    },
  },
  "features": Object {
    "FakeProduct__FakeFeatureGroup__GroupNestedFeature": Object {
      "description": "Fake feature nested under feature group",
      "featureGroup": "FakeProduct__FakeFeatureGroup",
      "id": "FakeProduct__FakeFeatureGroup__GroupNestedFeature",
      "keywords": Array [
        "foo",
      ],
      "learnMoreLinks": Array [
        Object {
          "channel": "feature-group-feature",
          "type": "slack",
        },
      ],
      "name": "GroupNestedFeature",
      "taskMapping": Object {
        "bug": Array [
          Object {
            "instructions": "Feature nested under group bug task",
          },
        ],
        "featureRequest": Array [
          Object {
            "instructions": "Feature nested under group request task",
          },
        ],
        "showStopper": Array [
          Object {
            "instructions": "Feature nested under group show stopper task",
          },
        ],
      },
    },
    "FakeProduct__ProductNestedFeature": Object {
      "description": "Fake feature nested under product",
      "id": "FakeProduct__ProductNestedFeature",
      "keywords": Array [
        "bar",
      ],
      "learnMoreLinks": Array [
        Object {
          "channel": "product-feature",
          "type": "slack",
        },
      ],
      "name": "ProductNestedFeature",
      "product": "FakeProduct",
      "taskMapping": Object {
        "bug": Array [
          Object {
            "instructions": "Feature nested under product bug task",
          },
        ],
        "featureRequest": Array [
          Object {
            "instructions": "Feature nested under product request task",
          },
        ],
        "showStopper": Array [
          Object {
            "instructions": "Feature nested under product show stopper task",
          },
        ],
      },
    },
  },
  "products": Object {
    "FakeProduct": Object {
      "description": "Description for fake product",
      "id": "FakeProduct",
      "learnMoreLinks": Array [
        Object {
          "channel": "product-channel",
          "type": "slack",
        },
      ],
      "name": "FakeProduct",
      "taskMapping": Object {
        "bug": Array [
          Object {
            "instructions": "Product bug task",
          },
        ],
        "featureRequest": Array [
          Object {
            "instructions": "Product feature request task",
          },
        ],
        "showStopper": Array [
          Object {
            "instructions": "Product show stopper task",
          },
        ],
      },
    },
  },
}
`;
